// Jest Snapshot v1, https://goo.gl/fbAQLP

exports[`MyComponent renders correctly 1`] = `
<div>
  <div>
    Mocked Component
  </div>
</div>
`;

exports[`Unit tests for the AdminDataExportPage. Should match snapshot - create. 1`] = `<div />`;
